// Jest Snapshot v1, https://goo.gl/fbAQLP

exports[`UserView renders the component 1`] = `
<div>
  <h1>User View</h1>
  <vusersearchform-stub></vusersearchform-stub>
  <vuserprofile-stub user="[object Object]"></vuserprofile-stub>
</div>
`;
